src/components/AdminSettings.tsx(418,1): error TS1005: '}' expected.
